Ignoring wrong pointing object 6 0 (offset 0)
Ignoring wrong pointing object 8 0 (offset 0)
Ignoring wrong pointing object 10 0 (offset 0)
Ignoring wrong pointing object 12 0 (offset 0)
Ignoring wrong pointing object 14 0 (offset 0)
Ignoring wrong pointing object 16 0 (offset 0)
Ignoring wrong pointing object 18 0 (offset 0)
Ignoring wrong pointing object 20 0 (offset 0)
Ignoring wrong pointing object 22 0 (offset 0)
Ignoring wrong pointing object 24 0 (offset 0)
Ignoring wrong pointing object 26 0 (offset 0)
Ignoring wrong pointing object 32 0 (offset 0)
Ignoring wrong pointing object 46 0 (offset 0)
Ignoring wrong pointing object 74 0 (offset 0)
Ignoring wrong pointing object 6 0 (offset 0)
Ignoring wrong pointing object 8 0 (offset 0)
Ignoring wrong pointing object 10 0 (offset 0)
Ignoring wrong pointing object 12 0 (offset 0)
Ignoring wrong pointing object 14 0 (offset 0)
Ignoring wrong pointing object 16 0 (offset 0)
Ignoring wrong pointing object 18 0 (offset 0)
Ignoring wrong pointing object 20 0 (offset 0)
Ignoring wrong pointing object 22 0 (offset 0)
Ignoring wrong pointing object 24 0 (offset 0)
Ignoring wrong pointing object 26 0 (offset 0)
Ignoring wrong pointing object 28 0 (offset 0)
Ignoring wrong pointing object 37 0 (offset 0)
Ignoring wrong pointing object 39 0 (offset 0)
Ignoring wrong pointing object 44 0 (offset 0)
Ignoring wrong pointing object 52 0 (offset 0)
Ignoring wrong pointing object 54 0 (offset 0)
Ignoring wrong pointing object 59 0 (offset 0)
Ignoring wrong pointing object 6 0 (offset 0)
Ignoring wrong pointing object 8 0 (offset 0)
Ignoring wrong pointing object 10 0 (offset 0)
Ignoring wrong pointing object 12 0 (offset 0)
Ignoring wrong pointing object 14 0 (offset 0)
Ignoring wrong pointing object 16 0 (offset 0)
Ignoring wrong pointing object 18 0 (offset 0)
Ignoring wrong pointing object 20 0 (offset 0)
Ignoring wrong pointing object 22 0 (offset 0)
Ignoring wrong pointing object 24 0 (offset 0)
Ignoring wrong pointing object 26 0 (offset 0)
Ignoring wrong pointing object 28 0 (offset 0)
Ignoring wrong pointing object 30 0 (offset 0)
Ignoring wrong pointing object 45 0 (offset 0)
Ignoring wrong pointing object 47 0 (offset 0)
Ignoring wrong pointing object 49 0 (offset 0)
Ignoring wrong pointing object 60 0 (offset 0)
Ignoring wrong pointing object 66 0 (offset 0)
== E8: nhan chuan tu ANH TRANG, roi cham 5 bo do (n=300) ==
  ... 50/300
Ignoring wrong pointing object 6 0 (offset 0)
Ignoring wrong pointing object 8 0 (offset 0)
Ignoring wrong pointing object 10 0 (offset 0)
Ignoring wrong pointing object 12 0 (offset 0)
Ignoring wrong pointing object 14 0 (offset 0)
Ignoring wrong pointing object 16 0 (offset 0)
Ignoring wrong pointing object 18 0 (offset 0)
Ignoring wrong pointing object 20 0 (offset 0)
Ignoring wrong pointing object 22 0 (offset 0)
Ignoring wrong pointing object 24 0 (offset 0)
Ignoring wrong pointing object 26 0 (offset 0)
Ignoring wrong pointing object 28 0 (offset 0)
Ignoring wrong pointing object 30 0 (offset 0)
Ignoring wrong pointing object 39 0 (offset 0)
Ignoring wrong pointing object 44 0 (offset 0)
Ignoring wrong pointing object 46 0 (offset 0)
Ignoring wrong pointing object 48 0 (offset 0)
Ignoring wrong pointing object 6 0 (offset 0)
Ignoring wrong pointing object 8 0 (offset 0)
Ignoring wrong pointing object 10 0 (offset 0)
Ignoring wrong pointing object 12 0 (offset 0)
Ignoring wrong pointing object 14 0 (offset 0)
Ignoring wrong pointing object 16 0 (offset 0)
Ignoring wrong pointing object 18 0 (offset 0)
Ignoring wrong pointing object 20 0 (offset 0)
Ignoring wrong pointing object 22 0 (offset 0)
Ignoring wrong pointing object 24 0 (offset 0)
Ignoring wrong pointing object 26 0 (offset 0)
Ignoring wrong pointing object 28 0 (offset 0)
Ignoring wrong pointing object 30 0 (offset 0)
Ignoring wrong pointing object 32 0 (offset 0)
Ignoring wrong pointing object 38 0 (offset 0)
Ignoring wrong pointing object 56 0 (offset 0)
Ignoring wrong pointing object 58 0 (offset 0)
Ignoring wrong pointing object 63 0 (offset 0)
Ignoring wrong pointing object 69 0 (offset 0)
Ignoring wrong pointing object 71 0 (offset 0)
Ignoring wrong pointing object 6 0 (offset 0)
Ignoring wrong pointing object 8 0 (offset 0)
Ignoring wrong pointing object 10 0 (offset 0)
Ignoring wrong pointing object 12 0 (offset 0)
Ignoring wrong pointing object 14 0 (offset 0)
Ignoring wrong pointing object 16 0 (offset 0)
Ignoring wrong pointing object 18 0 (offset 0)
Ignoring wrong pointing object 20 0 (offset 0)
Ignoring wrong pointing object 22 0 (offset 0)
Ignoring wrong pointing object 24 0 (offset 0)
Ignoring wrong pointing object 26 0 (offset 0)
Ignoring wrong pointing object 32 0 (offset 0)
Ignoring wrong pointing object 43 0 (offset 0)
Ignoring wrong pointing object 59 0 (offset 0)
Ignoring wrong pointing object 64 0 (offset 0)
  ... 100/300
Ignoring wrong pointing object 6 0 (offset 0)
Ignoring wrong pointing object 8 0 (offset 0)
Ignoring wrong pointing object 10 0 (offset 0)
Ignoring wrong pointing object 12 0 (offset 0)
Ignoring wrong pointing object 14 0 (offset 0)
Ignoring wrong pointing object 16 0 (offset 0)
Ignoring wrong pointing object 18 0 (offset 0)
Ignoring wrong pointing object 20 0 (offset 0)
Ignoring wrong pointing object 22 0 (offset 0)
Ignoring wrong pointing object 24 0 (offset 0)
Ignoring wrong pointing object 26 0 (offset 0)
Ignoring wrong pointing object 32 0 (offset 0)
Ignoring wrong pointing object 40 0 (offset 0)
Ignoring wrong pointing object 45 0 (offset 0)
Ignoring wrong pointing object 50 0 (offset 0)
Ignoring wrong pointing object 56 0 (offset 0)
Ignoring wrong pointing object 61 0 (offset 0)
Ignoring wrong pointing object 63 0 (offset 0)
Ignoring wrong pointing object 65 0 (offset 0)
Ignoring wrong pointing object 67 0 (offset 0)
Ignoring wrong pointing object 76 0 (offset 0)
Ignoring wrong pointing object 6 0 (offset 0)
Ignoring wrong pointing object 8 0 (offset 0)
Ignoring wrong pointing object 10 0 (offset 0)
Ignoring wrong pointing object 12 0 (offset 0)
Ignoring wrong pointing object 14 0 (offset 0)
Ignoring wrong pointing object 16 0 (offset 0)
Ignoring wrong pointing object 18 0 (offset 0)
Ignoring wrong pointing object 20 0 (offset 0)
Ignoring wrong pointing object 22 0 (offset 0)
Ignoring wrong pointing object 24 0 (offset 0)
Ignoring wrong pointing object 26 0 (offset 0)
Ignoring wrong pointing object 28 0 (offset 0)
Ignoring wrong pointing object 30 0 (offset 0)
Ignoring wrong pointing object 36 0 (offset 0)
Ignoring wrong pointing object 44 0 (offset 0)
Ignoring wrong pointing object 56 0 (offset 0)
  ... 150/300
Ignoring wrong pointing object 6 0 (offset 0)
Ignoring wrong pointing object 8 0 (offset 0)
Ignoring wrong pointing object 10 0 (offset 0)
Ignoring wrong pointing object 12 0 (offset 0)
Ignoring wrong pointing object 14 0 (offset 0)
Ignoring wrong pointing object 16 0 (offset 0)
Ignoring wrong pointing object 18 0 (offset 0)
Ignoring wrong pointing object 20 0 (offset 0)
Ignoring wrong pointing object 22 0 (offset 0)
Ignoring wrong pointing object 24 0 (offset 0)
Ignoring wrong pointing object 26 0 (offset 0)
Ignoring wrong pointing object 28 0 (offset 0)
Ignoring wrong pointing object 37 0 (offset 0)
Ignoring wrong pointing object 45 0 (offset 0)
Ignoring wrong pointing object 47 0 (offset 0)
Ignoring wrong pointing object 49 0 (offset 0)
Ignoring wrong pointing object 51 0 (offset 0)
Ignoring wrong pointing object 53 0 (offset 0)
Ignoring wrong pointing object 6 0 (offset 0)
Ignoring wrong pointing object 8 0 (offset 0)
Ignoring wrong pointing object 10 0 (offset 0)
Ignoring wrong pointing object 12 0 (offset 0)
Ignoring wrong pointing object 14 0 (offset 0)
Ignoring wrong pointing object 16 0 (offset 0)
Ignoring wrong pointing object 18 0 (offset 0)
Ignoring wrong pointing object 20 0 (offset 0)
Ignoring wrong pointing object 22 0 (offset 0)
Ignoring wrong pointing object 24 0 (offset 0)
Ignoring wrong pointing object 30 0 (offset 0)
Ignoring wrong pointing object 48 0 (offset 0)
Ignoring wrong pointing object 6 0 (offset 0)
Ignoring wrong pointing object 8 0 (offset 0)
Ignoring wrong pointing object 10 0 (offset 0)
Ignoring wrong pointing object 12 0 (offset 0)
Ignoring wrong pointing object 14 0 (offset 0)
Ignoring wrong pointing object 16 0 (offset 0)
Ignoring wrong pointing object 18 0 (offset 0)
Ignoring wrong pointing object 20 0 (offset 0)
Ignoring wrong pointing object 22 0 (offset 0)
Ignoring wrong pointing object 28 0 (offset 0)
Ignoring wrong pointing object 50 0 (offset 0)
Ignoring wrong pointing object 52 0 (offset 0)
Ignoring wrong pointing object 61 0 (offset 0)
Ignoring wrong pointing object 6 0 (offset 0)
Ignoring wrong pointing object 8 0 (offset 0)
Ignoring wrong pointing object 10 0 (offset 0)
Ignoring wrong pointing object 12 0 (offset 0)
Ignoring wrong pointing object 14 0 (offset 0)
Ignoring wrong pointing object 16 0 (offset 0)
Ignoring wrong pointing object 18 0 (offset 0)
Ignoring wrong pointing object 20 0 (offset 0)
Ignoring wrong pointing object 22 0 (offset 0)
Ignoring wrong pointing object 24 0 (offset 0)
Ignoring wrong pointing object 26 0 (offset 0)
Ignoring wrong pointing object 28 0 (offset 0)
Ignoring wrong pointing object 30 0 (offset 0)
Ignoring wrong pointing object 32 0 (offset 0)
Ignoring wrong pointing object 44 0 (offset 0)
Ignoring wrong pointing object 46 0 (offset 0)
Ignoring wrong pointing object 54 0 (offset 0)
Ignoring wrong pointing object 57 0 (offset 0)
Ignoring wrong pointing object 59 0 (offset 0)
Ignoring wrong pointing object 67 0 (offset 0)
Ignoring wrong pointing object 70 0 (offset 0)
Ignoring wrong pointing object 76 0 (offset 0)
Ignoring wrong pointing object 78 0 (offset 0)
  ... 200/300
Ignoring wrong pointing object 6 0 (offset 0)
Ignoring wrong pointing object 8 0 (offset 0)
Ignoring wrong pointing object 10 0 (offset 0)
Ignoring wrong pointing object 12 0 (offset 0)
Ignoring wrong pointing object 14 0 (offset 0)
Ignoring wrong pointing object 16 0 (offset 0)
Ignoring wrong pointing object 18 0 (offset 0)
Ignoring wrong pointing object 20 0 (offset 0)
Ignoring wrong pointing object 22 0 (offset 0)
Ignoring wrong pointing object 28 0 (offset 0)
Ignoring wrong pointing object 50 0 (offset 0)
Ignoring wrong pointing object 56 0 (offset 0)
Ignoring wrong pointing object 61 0 (offset 0)
Ignoring wrong pointing object 6 0 (offset 0)
Ignoring wrong pointing object 8 0 (offset 0)
Ignoring wrong pointing object 10 0 (offset 0)
Ignoring wrong pointing object 12 0 (offset 0)
Ignoring wrong pointing object 14 0 (offset 0)
Ignoring wrong pointing object 16 0 (offset 0)
Ignoring wrong pointing object 18 0 (offset 0)
Ignoring wrong pointing object 20 0 (offset 0)
Ignoring wrong pointing object 22 0 (offset 0)
Ignoring wrong pointing object 24 0 (offset 0)
Ignoring wrong pointing object 26 0 (offset 0)
Ignoring wrong pointing object 28 0 (offset 0)
Ignoring wrong pointing object 30 0 (offset 0)
Ignoring wrong pointing object 32 0 (offset 0)
Ignoring wrong pointing object 34 0 (offset 0)
Ignoring wrong pointing object 36 0 (offset 0)
Ignoring wrong pointing object 38 0 (offset 0)
Ignoring wrong pointing object 44 0 (offset 0)
Ignoring wrong pointing object 49 0 (offset 0)
Ignoring wrong pointing object 54 0 (offset 0)
Ignoring wrong pointing object 56 0 (offset 0)
Ignoring wrong pointing object 64 0 (offset 0)
Ignoring wrong pointing object 66 0 (offset 0)
Ignoring wrong pointing object 68 0 (offset 0)
Ignoring wrong pointing object 6 0 (offset 0)
Ignoring wrong pointing object 8 0 (offset 0)
Ignoring wrong pointing object 10 0 (offset 0)
Ignoring wrong pointing object 12 0 (offset 0)
Ignoring wrong pointing object 14 0 (offset 0)
Ignoring wrong pointing object 16 0 (offset 0)
Ignoring wrong pointing object 18 0 (offset 0)
Ignoring wrong pointing object 20 0 (offset 0)
Ignoring wrong pointing object 22 0 (offset 0)
Ignoring wrong pointing object 24 0 (offset 0)
Ignoring wrong pointing object 26 0 (offset 0)
Ignoring wrong pointing object 28 0 (offset 0)
Ignoring wrong pointing object 30 0 (offset 0)
Ignoring wrong pointing object 39 0 (offset 0)
Ignoring wrong pointing object 47 0 (offset 0)
Ignoring wrong pointing object 49 0 (offset 0)
Ignoring wrong pointing object 51 0 (offset 0)
Ignoring wrong pointing object 56 0 (offset 0)
Ignoring wrong pointing object 6 0 (offset 0)
Ignoring wrong pointing object 8 0 (offset 0)
Ignoring wrong pointing object 10 0 (offset 0)
Ignoring wrong pointing object 12 0 (offset 0)
Ignoring wrong pointing object 14 0 (offset 0)
Ignoring wrong pointing object 16 0 (offset 0)
Ignoring wrong pointing object 18 0 (offset 0)
Ignoring wrong pointing object 20 0 (offset 0)
Ignoring wrong pointing object 22 0 (offset 0)
Ignoring wrong pointing object 24 0 (offset 0)
Ignoring wrong pointing object 26 0 (offset 0)
Ignoring wrong pointing object 32 0 (offset 0)
Ignoring wrong pointing object 43 0 (offset 0)
Ignoring wrong pointing object 48 0 (offset 0)
Ignoring wrong pointing object 50 0 (offset 0)
Ignoring wrong pointing object 66 0 (offset 0)
Ignoring wrong pointing object 68 0 (offset 0)
Ignoring wrong pointing object 98 0 (offset 0)
Ignoring wrong pointing object 100 0 (offset 0)
Ignoring wrong pointing object 6 0 (offset 0)
Ignoring wrong pointing object 8 0 (offset 0)
Ignoring wrong pointing object 10 0 (offset 0)
Ignoring wrong pointing object 12 0 (offset 0)
Ignoring wrong pointing object 14 0 (offset 0)
Ignoring wrong pointing object 16 0 (offset 0)
Ignoring wrong pointing object 18 0 (offset 0)
Ignoring wrong pointing object 20 0 (offset 0)
Ignoring wrong pointing object 22 0 (offset 0)
Ignoring wrong pointing object 24 0 (offset 0)
Ignoring wrong pointing object 26 0 (offset 0)
Ignoring wrong pointing object 32 0 (offset 0)
Ignoring wrong pointing object 43 0 (offset 0)
Ignoring wrong pointing object 52 0 (offset 0)
Ignoring wrong pointing object 57 0 (offset 0)
Ignoring wrong pointing object 59 0 (offset 0)
Ignoring wrong pointing object 61 0 (offset 0)
Ignoring wrong pointing object 63 0 (offset 0)
Ignoring wrong pointing object 6 0 (offset 0)
Ignoring wrong pointing object 8 0 (offset 0)
Ignoring wrong pointing object 10 0 (offset 0)
Ignoring wrong pointing object 12 0 (offset 0)
Ignoring wrong pointing object 14 0 (offset 0)
Ignoring wrong pointing object 16 0 (offset 0)
Ignoring wrong pointing object 18 0 (offset 0)
Ignoring wrong pointing object 20 0 (offset 0)
Ignoring wrong pointing object 22 0 (offset 0)
Ignoring wrong pointing object 24 0 (offset 0)
Ignoring wrong pointing object 26 0 (offset 0)
Ignoring wrong pointing object 28 0 (offset 0)
Ignoring wrong pointing object 30 0 (offset 0)
Ignoring wrong pointing object 37 0 (offset 0)
Ignoring wrong pointing object 51 0 (offset 0)
Ignoring wrong pointing object 70 0 (offset 0)
  ... 250/300
Ignoring wrong pointing object 6 0 (offset 0)
Ignoring wrong pointing object 8 0 (offset 0)
Ignoring wrong pointing object 10 0 (offset 0)
Ignoring wrong pointing object 12 0 (offset 0)
Ignoring wrong pointing object 14 0 (offset 0)
Ignoring wrong pointing object 16 0 (offset 0)
Ignoring wrong pointing object 18 0 (offset 0)
Ignoring wrong pointing object 20 0 (offset 0)
Ignoring wrong pointing object 22 0 (offset 0)
Ignoring wrong pointing object 24 0 (offset 0)
Ignoring wrong pointing object 26 0 (offset 0)
Ignoring wrong pointing object 32 0 (offset 0)
Ignoring wrong pointing object 34 0 (offset 0)
Ignoring wrong pointing object 52 0 (offset 0)
Ignoring wrong pointing object 54 0 (offset 0)
Ignoring wrong pointing object 59 0 (offset 0)
Ignoring wrong pointing object 61 0 (offset 0)
  ... 300/300

  do khop lop chu voi OCR: trung vi 0.089, tu 0.017 toi 0.966
  khoang trong rong nhat cua do khop: [0.188, 0.342] => nguong nhan 0.265
  DAT  phan bo do khop CUNG luong cuc (nhan dang tin)  [trong 0.154 vs trung vi buoc 0.0005]
  nhan: 103 dung duoc / 197 hong
  DAT  ca hai lop deu co mau

  bo do                               AUC
  D1 rho (content)                  0.999
  D2 /ToUnicode (structure)         0.260
  D3 image coverage (structure)     1.000
  D4 font count (structure)         0.787
  D5 chars/page (structure)         0.080
  D0 random (control)               0.517
  DAT  D2 /ToUnicode co AUC < 0,5 dung nhu Menh de  [0.260]
  DAT  doi chung: bo do NGAU NHIEN cho AUC ~ 0,5  [0.517]
  DAT  D1 noi dung tach duoc hai lop  [0.999]

=> DAT (0 loi)
