== TIEM LOI THU CONG ==
  sao luu 5 tep vao /var/folders/8p/vzhg2wsd23l2_qrp6hv4vwvw0000gn/T/tiem-loi-1dduxtmy, da xac minh bam

  kiem cong tren ban SACH truoc...
  ban sach: cong XANH

  DAT  B6 em-dash                          cong HONG · phep 'B6' da bat
  DAT  B10 ti le go tay                    cong HONG · phep 'B10' da bat
  DAT  B7 so bon chu so go tay             cong HONG · phep 'B7' da bat
  DAT  B2 tham chieu treo                  cong HONG · phep 'B2 0 tham chieu treo' da bat
  DAT  B2/B5 trich dan treo                cong HONG · phep 'B5 khong trich muc ngoai bib' da bat
  DAT  B2 macro thieu                      cong HONG · phep 'B2 0 macro thieu' da bat
  DAT  B13 hinh mo coi                     cong HONG · phep 'B13 moi hinh' da bat
  DAT  B13 bang mo coi                     cong HONG · phep 'B13 moi bang' da bat
  DAT  B8 thuat ngu dan so                 cong HONG · phep 'B8' da bat
  DAT  B12 ten tac gia da bo               cong HONG · phep 'B12' da bat
  DAT  B16 muc tran ra le                  cong HONG · phep 'B16' da bat
  DAT  B14 vuot tran trang                 cong HONG · phep 'B14' da bat
  DAT  B4 bang sinh ra ma khong dua vao    cong HONG · phep 'B4' da bat
  DAT  B15 macro moi chua khai             cong HONG · phep 'B15' da bat
  DAT  B17 ba nhanh khong cong dung n      cong HONG · phep 'B17 bnSoB' da bat
  DAT  B17 hoa von sai                     cong HONG · phep 'B17 hoa von' da bat

  phuc hoi: 5 tep, bam khop het

=> 16/16 ca bi bat dung phep
